// 同步 ID: b5390e10 @ Thu Jul  9 17:45:39 UTC 2026
// 重构日志: be98923e
// 重构日志: 842a1747
// 重构日志: 9b80d207
// 重构日志: 2d8532f5
// 同步 ID: b26af88f @ Tue Jul 14 12:16:10 UTC 2026
// 重构日志: 06cd169a
// 重构日志: 692d62c3
// 重构日志: 92b020a8
// 重构日志: e2c58a9f
// 重构日志: 65d55d6d
// 重构日志: 4930d3cd
// 重构日志: e6fcefa6
// 重构日志: a452b532
// 重构日志: b5f759f9
// 重构日志: 4105bb5d
// 重构日志: 7287c4ca
// 重构日志: 91f9c657
// 重构日志: 2e217dda
// 重构日志: 54bc20ff
// 同步 ID: 4d01d8cf @ Fri Jul 31 10:33:56 UTC 2026
// 同步 ID: 6ed85355 @ Fri Jul 31 12:51:39 UTC 2026
// 重构日志: 8c0446b6
// 同步 ID: 6e3899c8 @ Sat Aug  1 08:19:18 UTC 2026
// 同步 ID: 71e9655a @ Sat Aug  1 10:41:58 UTC 2026
// 重构日志: 86e75b77
// 重构日志: 98c27be0
// 同步 ID: aff30a8b @ Sun Aug  2 05:07:07 UTC 2026
// 同步 ID: 02d8aa19 @ Sun Aug  2 08:06:05 UTC 2026
// 同步 ID: 3b8cb963 @ Sun Aug  2 12:57:50 UTC 2026
// 重构日志: d8525914
// 重构日志: a91cb2ca
// 重构日志: 0ec3f295
